// Jest Snapshot v1, https://goo.gl/fbAQLP

exports[`ALON 1`] = `
{
  "@": {
    "end": {
      "column": 4,
      "line": 11,
      "offset": 235,
    },
    "start": {
      "column": 1,
      "line": 1,
      "offset": 0,
    },
  },
  "definitions": [
    {
      "@": {
        "end": {
          "column": 6,
          "line": 7,
          "offset": 167,
        },
        "start": {
          "column": 5,
          "line": 2,
          "offset": 6,
        },
      },
      "expression": {
        "@": {
          "end": {
            "column": 6,
            "line": 7,
            "offset": 167,
          },
          "start": {
            "column": 14,
            "line": 2,
            "offset": 15,
          },
        },
        "entries": [
          {
            "@": {
              "end": {
                "column": 35,
                "line": 3,
                "offset": 51,
              },
              "start": {
                "column": 7,
                "line": 3,
                "offset": 23,
              },
            },
            "expression": {
              "@": {
                "end": {
                  "column": 35,
                  "line": 3,
                  "offset": 51,
                },
                "start": {
                  "column": 11,
                  "line": 3,
                  "offset": 27,
                },
              },
              "definitions": [
                {
                  "@": {
                    "end": {
                      "column": 20,
                      "line": 3,
                      "offset": 36,
                    },
                    "start": {
                      "column": 12,
                      "line": 3,
                      "offset": 28,
                    },
                  },
                  "expression": {
                    "@": {
                      "end": {
                        "column": 20,
                        "line": 3,
                        "offset": 36,
                      },
                      "start": {
                        "column": 16,
                        "line": 3,
                        "offset": 32,
                      },
                    },
                    "kind": "StringLiteral",
                    "value": "l1",
                  },
                  "identifier": {
                    "@": {
                      "end": {
                        "column": 14,
                        "line": 3,
                        "offset": 30,
                      },
                      "start": {
                        "column": 12,
                        "line": 3,
                        "offset": 28,
                      },
                    },
                    "kind": "ValueIdentifier",
                    "value": "id",
                  },
                  "kind": "NamedLiteral",
                },
                {
                  "@": {
                    "end": {
                      "column": 34,
                      "line": 3,
                      "offset": 50,
                    },
                    "start": {
                      "column": 22,
                      "line": 3,
                      "offset": 38,
                    },
                  },
                  "expression": {
                    "@": {
                      "end": {
                        "column": 34,
                        "line": 3,
                        "offset": 50,
                      },
                      "start": {
                        "column": 28,
                        "line": 3,
                        "offset": 44,
                      },
                    },
                    "kind": "StringLiteral",
                    "value": "lion",
                  },
                  "identifier": {
                    "@": {
                      "end": {
                        "column": 26,
                        "line": 3,
                        "offset": 42,
                      },
                      "start": {
                        "column": 22,
                        "line": 3,
                        "offset": 38,
                      },
                    },
                    "kind": "ValueIdentifier",
                    "value": "kind",
                  },
                  "kind": "NamedLiteral",
                },
              ],
              "kind": "RecordLiteral",
            },
            "identifier": {
              "@": {
                "end": {
                  "column": 9,
                  "line": 3,
                  "offset": 25,
                },
                "start": {
                  "column": 7,
                  "line": 3,
                  "offset": 23,
                },
              },
              "kind": "ValueIdentifier",
              "value": "l1",
            },
            "kind": "NamedLiteral",
          },
          {
            "@": {
              "end": {
                "column": 35,
                "line": 4,
                "offset": 87,
              },
              "start": {
                "column": 7,
                "line": 4,
                "offset": 59,
              },
            },
            "expression": {
              "@": {
                "end": {
                  "column": 35,
                  "line": 4,
                  "offset": 87,
                },
                "start": {
                  "column": 11,
                  "line": 4,
                  "offset": 63,
                },
              },
              "definitions": [
                {
                  "@": {
                    "end": {
                      "column": 20,
                      "line": 4,
                      "offset": 72,
                    },
                    "start": {
                      "column": 12,
                      "line": 4,
                      "offset": 64,
                    },
                  },
                  "expression": {
                    "@": {
                      "end": {
                        "column": 20,
                        "line": 4,
                        "offset": 72,
                      },
                      "start": {
                        "column": 16,
                        "line": 4,
                        "offset": 68,
                      },
                    },
                    "kind": "StringLiteral",
                    "value": "l2",
                  },
                  "identifier": {
                    "@": {
                      "end": {
                        "column": 14,
                        "line": 4,
                        "offset": 66,
                      },
                      "start": {
                        "column": 12,
                        "line": 4,
                        "offset": 64,
                      },
                    },
                    "kind": "ValueIdentifier",
                    "value": "id",
                  },
                  "kind": "NamedLiteral",
                },
                {
                  "@": {
                    "end": {
                      "column": 34,
                      "line": 4,
                      "offset": 86,
                    },
                    "start": {
                      "column": 22,
                      "line": 4,
                      "offset": 74,
                    },
                  },
                  "expression": {
                    "@": {
                      "end": {
                        "column": 34,
                        "line": 4,
                        "offset": 86,
                      },
                      "start": {
                        "column": 28,
                        "line": 4,
                        "offset": 80,
                      },
                    },
                    "kind": "StringLiteral",
                    "value": "lion",
                  },
                  "identifier": {
                    "@": {
                      "end": {
                        "column": 26,
                        "line": 4,
                        "offset": 78,
                      },
                      "start": {
                        "column": 22,
                        "line": 4,
                        "offset": 74,
                      },
                    },
                    "kind": "ValueIdentifier",
                    "value": "kind",
                  },
                  "kind": "NamedLiteral",
                },
              ],
              "kind": "RecordLiteral",
            },
            "identifier": {
              "@": {
                "end": {
                  "column": 9,
                  "line": 4,
                  "offset": 61,
                },
                "start": {
                  "column": 7,
                  "line": 4,
                  "offset": 59,
                },
              },
              "kind": "ValueIdentifier",
              "value": "l2",
            },
            "kind": "NamedLiteral",
          },
          {
            "@": {
              "end": {
                "column": 36,
                "line": 5,
                "offset": 124,
              },
              "start": {
                "column": 7,
                "line": 5,
                "offset": 95,
              },
            },
            "expression": {
              "@": {
                "end": {
                  "column": 36,
                  "line": 5,
                  "offset": 124,
                },
                "start": {
                  "column": 11,
                  "line": 5,
                  "offset": 99,
                },
              },
              "definitions": [
                {
                  "@": {
                    "end": {
                      "column": 20,
                      "line": 5,
                      "offset": 108,
                    },
                    "start": {
                      "column": 12,
                      "line": 5,
                      "offset": 100,
                    },
                  },
                  "expression": {
                    "@": {
                      "end": {
                        "column": 20,
                        "line": 5,
                        "offset": 108,
                      },
                      "start": {
                        "column": 16,
                        "line": 5,
                        "offset": 104,
                      },
                    },
                    "kind": "StringLiteral",
                    "value": "t1",
                  },
                  "identifier": {
                    "@": {
                      "end": {
                        "column": 14,
                        "line": 5,
                        "offset": 102,
                      },
                      "start": {
                        "column": 12,
                        "line": 5,
                        "offset": 100,
                      },
                    },
                    "kind": "ValueIdentifier",
                    "value": "id",
                  },
                  "kind": "NamedLiteral",
                },
                {
                  "@": {
                    "end": {
                      "column": 35,
                      "line": 5,
                      "offset": 123,
                    },
                    "start": {
                      "column": 22,
                      "line": 5,
                      "offset": 110,
                    },
                  },
                  "expression": {
                    "@": {
                      "end": {
                        "column": 35,
                        "line": 5,
                        "offset": 123,
                      },
                      "start": {
                        "column": 28,
                        "line": 5,
                        "offset": 116,
                      },
                    },
                    "kind": "StringLiteral",
                    "value": "tiger",
                  },
                  "identifier": {
                    "@": {
                      "end": {
                        "column": 26,
                        "line": 5,
                        "offset": 114,
                      },
                      "start": {
                        "column": 22,
                        "line": 5,
                        "offset": 110,
                      },
                    },
                    "kind": "ValueIdentifier",
                    "value": "kind",
                  },
                  "kind": "NamedLiteral",
                },
              ],
              "kind": "RecordLiteral",
            },
            "identifier": {
              "@": {
                "end": {
                  "column": 9,
                  "line": 5,
                  "offset": 97,
                },
                "start": {
                  "column": 7,
                  "line": 5,
                  "offset": 95,
                },
              },
              "kind": "ValueIdentifier",
              "value": "t1",
            },
            "kind": "NamedLiteral",
          },
          {
            "@": {
              "end": {
                "column": 0,
                "line": 7,
                "offset": 161,
              },
              "start": {
                "column": 7,
                "line": 6,
                "offset": 132,
              },
            },
            "expression": {
              "@": {
                "end": {
                  "column": 0,
                  "line": 7,
                  "offset": 161,
                },
                "start": {
                  "column": 11,
                  "line": 6,
                  "offset": 136,
                },
              },
              "definitions": [
                {
                  "@": {
                    "end": {
                      "column": 20,
                      "line": 6,
                      "offset": 145,
                    },
                    "start": {
                      "column": 12,
                      "line": 6,
                      "offset": 137,
                    },
                  },
                  "expression": {
                    "@": {
                      "end": {
                        "column": 20,
                        "line": 6,
                        "offset": 145,
                      },
                      "start": {
                        "column": 16,
                        "line": 6,
                        "offset": 141,
                      },
                    },
                    "kind": "StringLiteral",
                    "value": "t2",
                  },
                  "identifier": {
                    "@": {
                      "end": {
                        "column": 14,
                        "line": 6,
                        "offset": 139,
                      },
                      "start": {
                        "column": 12,
                        "line": 6,
                        "offset": 137,
                      },
                    },
                    "kind": "ValueIdentifier",
                    "value": "id",
                  },
                  "kind": "NamedLiteral",
                },
                {
                  "@": {
                    "end": {
                      "column": 35,
                      "line": 6,
                      "offset": 160,
                    },
                    "start": {
                      "column": 22,
                      "line": 6,
                      "offset": 147,
                    },
                  },
                  "expression": {
                    "@": {
                      "end": {
                        "column": 35,
                        "line": 6,
                        "offset": 160,
                      },
                      "start": {
                        "column": 28,
                        "line": 6,
                        "offset": 153,
                      },
                    },
                    "kind": "StringLiteral",
                    "value": "tiger",
                  },
                  "identifier": {
                    "@": {
                      "end": {
                        "column": 26,
                        "line": 6,
                        "offset": 151,
                      },
                      "start": {
                        "column": 22,
                        "line": 6,
                        "offset": 147,
                      },
                    },
                    "kind": "ValueIdentifier",
                    "value": "kind",
                  },
                  "kind": "NamedLiteral",
                },
              ],
              "kind": "RecordLiteral",
            },
            "identifier": {
              "@": {
                "end": {
                  "column": 9,
                  "line": 6,
                  "offset": 134,
                },
                "start": {
                  "column": 7,
                  "line": 6,
                  "offset": 132,
                },
              },
              "kind": "ValueIdentifier",
              "value": "t2",
            },
            "kind": "NamedLiteral",
          },
        ],
        "kind": "MapLiteral",
      },
      "identifier": {
        "@": {
          "end": {
            "column": 12,
            "line": 2,
            "offset": 13,
          },
          "start": {
            "column": 5,
            "line": 2,
            "offset": 6,
          },
        },
        "kind": "ValueIdentifier",
        "value": "animals",
      },
      "kind": "NamedLiteral",
    },
    {
      "@": {
        "end": {
          "column": 3,
          "line": 11,
          "offset": 234,
        },
        "start": {
          "column": 5,
          "line": 8,
          "offset": 173,
        },
      },
      "expression": {
        "@": {
          "end": {
            "column": 3,
            "line": 11,
            "offset": 234,
          },
          "start": {
            "column": 19,
            "line": 8,
            "offset": 187,
          },
        },
        "expressions": [
          {
            "@": {
              "end": {
                "column": 15,
                "line": 9,
                "offset": 203,
              },
              "start": {
                "column": 7,
                "line": 9,
                "offset": 195,
              },
            },
            "kind": "StringLiteral",
            "value": "jungle",
          },
          {
            "@": {
              "end": {
                "column": 25,
                "line": 9,
                "offset": 213,
              },
              "start": {
                "column": 17,
                "line": 9,
                "offset": 205,
              },
            },
            "kind": "StringLiteral",
            "value": "desert",
          },
          {
            "@": {
              "end": {
                "column": 5,
                "line": 10,
                "offset": 230,
              },
              "start": {
                "column": 27,
                "line": 9,
                "offset": 215,
              },
            },
            "kind": "StringLiteral",
            "value": "savannah",
          },
        ],
        "kind": "ListLiteral",
      },
      "identifier": {
        "@": {
          "end": {
            "column": 17,
            "line": 8,
            "offset": 185,
          },
          "start": {
            "column": 5,
            "line": 8,
            "offset": 173,
          },
        },
        "kind": "ValueIdentifier",
        "value": "environments",
      },
      "kind": "NamedLiteral",
    },
  ],
  "kind": "RecordLiteral",
}
`;
