// Jest Snapshot v1, https://goo.gl/fbAQLP

exports[`Identifier 1`] = `
{
  "@": {
    "end": {
      "column": 7,
      "line": 1,
      "offset": 6,
    },
    "start": {
      "column": 1,
      "line": 1,
      "offset": 0,
    },
  },
  "kind": "ValueIdentifier",
  "value": "fooBar",
}
`;
