// Jest Snapshot v1, https://goo.gl/fbAQLP

exports[`class.1 1`] = `[]`;

exports[`error.nice 1`] = `[Error: Identifier "y" not found (at 2:15)]`;

exports[`func.1 1`] = `
[
  "[Function: foo]",
]
`;

exports[`if.true 1`] = `
[
  "pass",
]
`;

exports[`simple.1 1`] = `
[
  "hi",
]
`;
